Amit@DESKTOP-UDKC1QS MINGW64 ~/Desktop/repppo
$ git init
Initialized empty Git repository in C:/Users/Amit/Desktop/repppo/.git/

Amit@DESKTOP-UDKC1QS MINGW64 ~/Desktop/repppo (master)
$ git status
On branch master

No commits yet

Untracked files:
  (use "git add <file>..." to include in what will be committed)
        test.txt

nothing added to commit but untracked files present (use "git add" to track)

Amit@DESKTOP-UDKC1QS MINGW64 ~/Desktop/repppo (master)
$ git add .

Amit@DESKTOP-UDKC1QS MINGW64 ~/Desktop/repppo (master)
$ git status
On branch master

No commits yet

Changes to be committed:
  (use "git rm --cached <file>..." to unstage)
        new file:   test.txt


Amit@DESKTOP-UDKC1QS MINGW64 ~/Desktop/repppo (master)
$ git log
fatal: your current branch 'master' does not have any commits yet

Amit@DESKTOP-UDKC1QS MINGW64 ~/Desktop/repppo (master)
$ git commit -m "ok"
[master (root-commit) 172fd40] ok
 1 file changed, 0 insertions(+), 0 deletions(-)
 create mode 100644 test.txt

Amit@DESKTOP-UDKC1QS MINGW64 ~/Desktop/repppo (master)
$ git status
On branch master
nothing to commit, working tree clean

Amit@DESKTOP-UDKC1QS MINGW64 ~/Desktop/repppo (master)
$ git log
commit 172fd4030336f8a4e9dcfc36666a01274e461c30 (HEAD -> master)
Author: leviamit <amitranjanbitm22@gmail.com>
Date:   Tue Oct 4 19:12:53 2022 +0530

    ok

Amit@DESKTOP-UDKC1QS MINGW64 ~/Desktop/repppo (master)
$ git branch -M main

Amit@DESKTOP-UDKC1QS MINGW64 ~/Desktop/repppo (main)
$ git remote add origin https://github.com/leviamit/repppo.git

Amit@DESKTOP-UDKC1QS MINGW64 ~/Desktop/repppo (main)
$ git push origin main
Enumerating objects: 3, done.
Counting objects: 100% (3/3), done.
Writing objects: 100% (3/3), 206 bytes | 103.00 KiB/s, done.
Total 3 (delta 0), reused 0 (delta 0), pack-reused 0
To https://github.com/leviamit/repppo.git
 * [new branch]      main -> main

Amit@DESKTOP-UDKC1QS MINGW64 ~/Desktop/repppo (main)
$ git pull origin main
remote: Enumerating objects: 4, done.
remote: Counting objects: 100% (4/4), done.
remote: Compressing objects: 100% (2/2), done.
remote: Total 3 (delta 0), reused 0 (delta 0), pack-reused 0
Unpacking objects: 100% (3/3), 644 bytes | 64.00 KiB/s, done.
From https://github.com/leviamit/repppo
 * branch            main       -> FETCH_HEAD
   172fd40..484527f  main       -> origin/main
Updating 172fd40..484527f
Fast-forward
 testnew | 1 +
 1 file changed, 1 insertion(+)
 create mode 100644 testnew

Amit@DESKTOP-UDKC1QS MINGW64 ~/Desktop/repppo (main)
$ git status
On branch main
nothing to commit, working tree clean

Amit@DESKTOP-UDKC1QS MINGW64 ~/Desktop/repppo (main)
$ git checkout test.txt
Updated 0 paths from the index

Amit@DESKTOP-UDKC1QS MINGW64 ~/Desktop/repppo (main)
$ git status
On branch main
Changes not staged for commit:
  (use "git add <file>..." to update what will be committed)
  (use "git restore <file>..." to discard changes in working directory)
        modified:   test.txt

no changes added to commit (use "git add" and/or "git commit -a")

Amit@DESKTOP-UDKC1QS MINGW64 ~/Desktop/repppo (main)
$ git checkout test.txt
Updated 1 path from the index

Amit@DESKTOP-UDKC1QS MINGW64 ~/Desktop/repppo (main)
$ git status
On branch main
nothing to commit, working tree clean

Amit@DESKTOP-UDKC1QS MINGW64 ~/Desktop/repppo (main)
$ git status
On branch main
Changes not staged for commit:
  (use "git add/rm <file>..." to update what will be committed)
  (use "git restore <file>..." to discard changes in working directory)
        deleted:    test.txt

Untracked files:
  (use "git add <file>..." to include in what will be committed)
        testreset.txt

no changes added to commit (use "git add" and/or "git commit -a")

Amit@DESKTOP-UDKC1QS MINGW64 ~/Desktop/repppo (main)
$ git add .

Amit@DESKTOP-UDKC1QS MINGW64 ~/Desktop/repppo (main)
$ git status
On branch main
Changes to be committed:
  (use "git restore --staged <file>..." to unstage)
        renamed:    test.txt -> testreset.txt


Amit@DESKTOP-UDKC1QS MINGW64 ~/Desktop/repppo (main)
$ git reset
Unstaged changes after reset:
D       test.txt

Amit@DESKTOP-UDKC1QS MINGW64 ~/Desktop/repppo (main)
$ git status
On branch main
Changes not staged for commit:
  (use "git add/rm <file>..." to update what will be committed)
  (use "git restore <file>..." to discard changes in working directory)
        deleted:    test.txt

Untracked files:
  (use "git add <file>..." to include in what will be committed)
        testreset.txt

no changes added to commit (use "git add" and/or "git commit -a")

Amit@DESKTOP-UDKC1QS MINGW64 ~/Desktop/repppo (main)
$ git checkout testnew.txt
error: pathspec 'testnew.txt' did not match any file(s) known to git

Amit@DESKTOP-UDKC1QS MINGW64 ~/Desktop/repppo (main)
$ git restore testreset.txt
error: pathspec 'testreset.txt' did not match any file(s) known to git

Amit@DESKTOP-UDKC1QS MINGW64 ~/Desktop/repppo (main)
$ rm testnew.txt
rm: cannot remove 'testnew.txt': No such file or directory

Amit@DESKTOP-UDKC1QS MINGW64 ~/Desktop/repppo (main)
$ rm testreset.txt

Amit@DESKTOP-UDKC1QS MINGW64 ~/Desktop/repppo (main)
$ git add .

Amit@DESKTOP-UDKC1QS MINGW64 ~/Desktop/repppo (main)
$ git commit -m "done"
[main 231eaac] Revert "done"
 2 files changed, 1 insertion(+), 1 deletion(-)
 create mode 100644 test.txt

Amit@DESKTOP-UDKC1QS MINGW64 ~/Desktop/repppo (main)
$ git log
commit 7d8d3b052882e8e7fe61cc2c429e788cf700cb1b (HEAD -> main)
Author: leviamit <amitranjanbitm22@gmail.com>
Date:   Wed Oct 5 01:29:42 2022 +0530

    done

commit 484527f8d8ee7d08751e4a7dfbb43b4d39d57756 (origin/main)
Author: leviamit <83553493+leviamit@users.noreply.github.com>
Date:   Tue Oct 4 19:37:19 2022 +0530

    Create testnew

commit 172fd4030336f8a4e9dcfc36666a01274e461c30
Author: leviamit <amitranjanbitm22@gmail.com>
Date:   Tue Oct 4 19:12:53 2022 +0530

    ok

Amit@DESKTOP-UDKC1QS MINGW64 ~/Desktop/repppo (main)
$ git revert 7d8d3b052882e8e7fe61cc2c429e788cf700cb1b
hint: Waiting for your editor to close the file...
